
      Set up agentws                                                        esc skip 
     
      Agents › Claude Code › Codex › Neovim › Done                                   
     
      You're set                                                                     
     
       ✓ Claude Code   hooks installed                                               
       – Codex         skipped                                                       
       – Neovim        add the snippet to /Users/me/.config/nvim/init.lua            
     
      Open this again with S in the sidebar or agentws setup. n starts your first    
      session.                                                                       
     
                                                                  esc skip   ⏎ done  