▌agentws                                   21:42

 SESSIONS                                       

 #40 · task number 1               api web infra
▌◐ 1 session 1 change                        CC 
▌    opus-5.5 high  ctx 64%  3 worktrees        
▌     └ api:part-1                      #3600   
▌     └ web:part-2                          –   
▌     └ infra:part-3                        –   























 CARD                                           
 #40 · task number 1                            
 PRs #3600                                      

 ⏎ focus      ␣ next waiting                    
 ⇥ last       ? keys                            
 SESSION  j/k move · ?… 1 session · 3 worktrees 