▌agentws                                   21:42

 SESSIONS                                       

 #40 · task number 1               api web infra
▌◐ 1 session 1 change                        CC 
▌    opus-5.5 high  ctx 64%  3 worktrees        
▌     └ api:part-1                      #3600   
▌     └ web:part-2                          –   
▌     └ infra:part-3                        –   





















 CARD                                           
 #40 · task number 1                            
 name  session 1 change                         
 PRs #3600                                      

 n new session   r review                       
 t shell         e nvim                         
 w worktrees     ␣ next waiting                 
 SESSION  j/k move · ?… 1 session · 3 worktrees 