 agentws                                   21:42

 SESSIONS ───────────────────────────────────── 

 #40 task number 1                 api web infra
▌◐ 1 session 1 change                        CC 
▌    opus-5.5 · high · 3 worktrees              



























 CARD ───────────────────────────────────────── 
 #40 task number 1                              
 name  session 1 change                         
 PRs #3600                                      
 n new  r review  t shell  e nvim  ? keys       
 1 session · 3 worktrees         ␣ next waiting 