 agentws                                   21:42

 SESSIONS ──────────────────────────  2 need you

 #40 task number 1                           api
 ◐ 1 session 1 change                        CC 
 ○ 2 session 2 change                        CX 

 #41 task number 2                           api
 ✳ 3 session 3 change                        CC 
 ● 4 session 4 change                        CX 

 #42 task number 3                           api
▌✳ 5 session 5 change                        CC 
▌    opus-5.5 · high · 1 worktree               












 CARD ───────────────────────────────────────── 
 #42 task number 3                              
 name  session 5 change                         
 PRs #3604                                      
 last  git status                               
       go test ./...                            
       go vet                                   
 ✳ asks permission                              
   Bash: rm -rf build                           
   make clean                                   
   make all…                                    
 n new  r review  t shell  e nvim  ? keys       
 5 sessions · 5 worktrees        ␣ next waiting 