 agentws                                   21:42

 SESSIONS ──────────────────────────  4 need you

 #40 task number 1                 api web infra
▌◐ 1 session 1 change                        CC 
▌    opus-5.5 · high · 3 worktrees              
 ○ 2 session 2 change                        CX 

 #41 task number 2                 api web infra
 ✳ 3 session 3 change                        CC 
 ● 4 session 4 change                        CX 

 #42 task number 3                 api web infra
 ✳ 5 session 5 change                        CC 
 ◐ 6 session 6 change                        CX 

 #43 task number 4                 api web infra
 ✳ 7 session 8 change                        CX 
 ○ 8 session 7 change                        CC 

 #44 task number 5                 api web infra
 ✳ 9 session 10 change                       CX 
 ● 10 session 9 change                       CC 










 CARD ───────────────────────────────────────── 
 #40 task number 1                              
 name  session 1 change                         
 PRs #3600                                      
 n new  r review  t shell  e nvim  ? keys       
 10 sessions · 30 worktrees      ␣ next waiting 