▌agentws                                   21:42

 SESSIONS                                       

 No sessions yet.                               
 Sessions you start show up here.               































 ⏎ focus      ␣ next waiting                    
 ⇥ last       ? keys                            
 SESSION  j/k move · … 0 sessions · 0 worktrees 