 agentws                                   21:42

 SESSIONS ───────────────────────────────────── 

 No sessions yet.                               
 Sessions you start show up here.               
































 n new  r review  t shell  e nvim  ? keys       
 0 sessions · 0 worktrees        ␣ next waiting 